// Jest Snapshot v1, https://goo.gl/fbAQLP

exports[`Test snapshots of the components 1`] = `
<DocumentFragment>
  <div
    class="MuiBox-root css-xi606m"
  >
    <div
      class="MuiPaper-root MuiPaper-outlined MuiPaper-rounded MuiCard-root css-1v5z4dq-MuiPaper-root-MuiCard-root"
    >
       
      <div
        class="MuiCardContent-root css-46bh2p-MuiCardContent-root"
      >
        <img
          alt="Bill Nye Spinning GIF by Nike"
          height="200"
          src="https://media2.giphy.com/media/9JgeSP0jlRAVBOG9FD/giphy_s.gif"
          width="400"
        />
        <p
          class="MuiTypography-root MuiTypography-body2 css-e784if-MuiTypography-root"
        >
          Bill Nye Spinning GIF by Nike
        </p>
        <div
          class="MuiCardActions-root MuiCardActions-spacing css-1t6e9jv-MuiCardActions-root"
        >
          <button
            class="MuiButton-root MuiButton-text MuiButton-textPrimary MuiButton-sizeSmall MuiButton-textSizeSmall MuiButtonBase-root  css-1knaqv7-MuiButtonBase-root-MuiButton-root"
            tabindex="0"
            type="button"
          >
            Preview
            <span
              class="MuiTouchRipple-root css-8je8zh-MuiTouchRipple-root"
            />
          </button>
        </div>
      </div>
    </div>
  </div>
</DocumentFragment>
`;
